// Jest Snapshot v1, https://goo.gl/fbAQLP

exports[`<ListWeatherCard /> Snapshot testing 1`] = `
<section
  className="container"
>
  <Connect(WeatherCard)
    key="1"
    temperature={-5}
    title="Nuuk, GL"
    updateId={1}
    updatedAt="02:48:32 PM"
  />
  <Connect(WeatherCard)
    humidity={75}
    key="2"
    pressure={892}
    temperature={19}
    title="Ubirici, BR"
    updateId={2}
    updatedAt="02:48:32 PM"
  />
</section>
`;
